Símbolo         Valor Decimal   Valor Hexadecimal
-------         -------------   -----------------
TOTAL_SFILE               128                  80
INDEX_SFILE               129                  81
INDEX_SLOOK               130                  82
AUXILIAR_SLOOK            131                  83
AUXILIAR_SRES             132                  84
PRIMEIRO_CARACTERE_SLOOK      133                  85
SFILE                     224                  E0
SLOOK                     225                  E1
SRES                      226                  E2
CONSTANTE_ZERO              0                   0
COMPARA                    33                  21
PULA_INCREMENTO_SFILE       77                  4D
CONTA_CARACTERE_IGUAL       79                  4F
SALVA_AUXILIAR_SRES        85                  55
CONTINUA_CONTA_CARACTERE_IGUAL       89                  59
FIM_BUSCA                 103                  67
FIM_SFILE_VAZIO           110                  6E
FIM_SLOOK_VAZIO           111                  6F
LOOP_SLOOK_VAZIO          111                  6F
FIM_LOOP_SLOOK_VAZIO      127                  7F
