Símbolo         Valor Decimal   Valor Hexadecimal
-------         -------------   -----------------
TOTAL_SFILE               128                  80
INDEX_SFILE               129                  81
INDEX_SLOOK               130                  82
AUXILIAR_SLOOK            131                  83
AUXILIAR_SRES             132                  84
SFILE                     224                  E0
SLOOK                     225                  E1
SRES                      226                  E2
ENTRADA                   227                  E3
BUSCA                     235                  EB
CONSTANTE_ZERO              0                   0
COMPARA                    29                  1D
CONTA_CARACTERE_IGUAL       65                  41
SALVA_AUXILIAR_SRES        71                  47
CONTINUA_CONTA_CARACTERE_IGUAL       75                  4B
FIM_BUSCA                  89                  59
FIM_SFILE_VAZIO            94                  5E
FIM_SLOOK_VAZIO            95                  5F
LOOP_SLOOK_VAZIO           95                  5F
FIM_LOOP_SLOOK_VAZIO      111                  6F
